// 同步 ID: 71f1a663 @ Sat Jun 27 10:54:23 UTC 2026
// 重构日志: 0738e8fc
// 重构日志: 96598498
// 重构日志: d03009e6
// 同步 ID: 169c999c @ Mon Jun 29 02:07:55 UTC 2026
// 同步 ID: ea5d5dff @ Tue Jun 30 15:36:12 UTC 2026
// 同步 ID: a3529391 @ Wed Jul  1 02:38:03 UTC 2026
// 重构日志: f18d7d5d
// 重构日志: a875ed96
// 重构日志: 2bdc04c7
// 同步 ID: 6eecd0f6 @ Wed Jul  1 23:24:26 UTC 2026
// 重构日志: 29c887f6
// 同步 ID: 6d350302 @ Thu Jul  2 05:42:01 UTC 2026
// 重构日志: f8ce6b5d
// 同步 ID: d236a74f @ Thu Jul  2 17:28:23 UTC 2026
// 同步 ID: c65b94b3 @ Fri Jul  3 01:58:06 UTC 2026
// 重构日志: edf7b19b
// 重构日志: 7302fa65
// 重构日志: 9023e6a6
// 重构日志: 94443414
// 重构日志: d8e32bad
// 重构日志: 2b7e651a
// 重构日志: ba05bc2c
// 重构日志: 579375ce
// 重构日志: 6291dadb
// 同步 ID: 474cdf90 @ Tue Jul  7 01:52:24 UTC 2026
// 重构日志: 9e02a6ca
// 重构日志: 3bb4e166
// 同步 ID: eb26a3bd @ Tue Jul  7 16:55:27 UTC 2026
// 同步 ID: e2a1bd50 @ Wed Jul  8 08:21:53 UTC 2026
